
> msaddi-website@0.1.0 build
> next build

  ▲ Next.js 14.2.16
  - Environments: .env.local, .env.production

   Creating an optimized production build ...
 ✓ Compiled successfully
   Linting and checking validity of types ...
Failed to compile.

./components/sections/services/service-detail-specs.tsx:142:29
Type error: Property 'valueKey' does not exist on type '{ labelKey: string; valueKey: string; } | { labelKey: string; isService: boolean; }'.
  Property 'valueKey' does not exist on type '{ labelKey: string; isService: boolean; }'.

[0m [90m 140 |[39m                   [33m<[39m[33m/[39m[33mdiv[39m[33m>[39m[0m
[0m [90m 141 |[39m                   [33m<[39m[33mdiv[39m className[33m=[39m[32m"text-responsive-base text-text-secondary md:text-end"[39m[33m>[39m[0m
[0m[31m[1m>[22m[39m[90m 142 |[39m                     {t(spec[33m.[39mvalueKey)}[0m
[0m [90m     |[39m                             [31m[1m^[22m[39m[0m
[0m [90m 143 |[39m                   [33m<[39m[33m/[39m[33mdiv[39m[33m>[39m[0m
[0m [90m 144 |[39m                 [33m<[39m[33m/[39m[33mmotion[39m[33m.[39mdiv[33m>[39m[0m
[0m [90m 145 |[39m               ))}[0m
